#-----------------------------------------------------------
# Vivado v2018.2 (64-bit)
# SW Build 2258646 on Thu Jun 14 20:03:12 MDT 2018
# IP Build 2256618 on Thu Jun 14 22:10:49 MDT 2018
# Start of session at: Sat Nov 23 11:04:08 2019
# Process ID: 7216
# Current directory: D:/CPU/CPU_project
# Command line: vivado.exe -gui_launcher_event rodinguilauncherevent13176 D:\CPU\CPU_project\CPU.xpr
# Log file: D:/CPU/CPU_project/vivado.log
# Journal file: D:/CPU/CPU_project\vivado.jou
#-----------------------------------------------------------
start_gui
open_project D:/CPU/CPU_project/CPU.xpr
update_compile_order -fileset sources_1
launch_simulation
open_wave_config D:/CPU/CPU_project/testbench_my_behav.wcfg
source testbench_my.tcl
close_sim
launch_simulation
open_wave_config D:/CPU/CPU_project/testbench_my_behav.wcfg
source testbench_my.tcl
close_sim
launch_simulation
open_wave_config D:/CPU/CPU_project/testbench_my_behav.wcfg
source testbench_my.tcl
run 250 ns
run 250 ns
close_sim
launch_simulation
open_wave_config D:/CPU/CPU_project/testbench_my_behav.wcfg
source testbench_my.tcl
close_sim
launch_simulation
launch_simulation
launch_simulation
synth_design -rtl -name rtl_1
launch_simulation
close_design
launch_simulation
open_wave_config D:/CPU/CPU_project/testbench_my_behav.wcfg
source testbench_my.tcl
close_sim
launch_simulation
open_wave_config D:/CPU/CPU_project/testbench_my_behav.wcfg
source testbench_my.tcl
close_sim
launch_simulation
launch_simulation
open_wave_config D:/CPU/CPU_project/testbench_my_behav.wcfg
source testbench_my.tcl
run 250 ns
run 250 ns
run 250 ns
run 250 ns
run all
restart
close_sim
launch_simulation
open_wave_config D:/CPU/CPU_project/testbench_my_behav.wcfg
source testbench_my.tcl
close_sim
launch_simulation
open_wave_config D:/CPU/CPU_project/testbench_my_behav.wcfg
source testbench_my.tcl
run 250 ns
close_sim
launch_simulation
open_wave_config D:/CPU/CPU_project/testbench_my_behav.wcfg
source testbench_my.tcl
restart
run 250 ns
restart
run 250 ns
restart
run 250 ns
restart
run 250 ns
update_compile_order -fileset sources_1
save_wave_config {D:/CPU/CPU_project/testbench_my_behav.wcfg}
close_sim
launch_simulation
open_wave_config D:/CPU/CPU_project/testbench_my_behav.wcfg
source testbench_my.tcl
update_compile_order -fileset sources_1
close_sim
launch_simulation
open_wave_config D:/CPU/CPU_project/testbench_my_behav.wcfg
source testbench_my.tcl
close_sim
launch_simulation
launch_simulation
open_wave_config D:/CPU/CPU_project/testbench_my_behav.wcfg
source testbench_my.tcl
restart
run 520 ns
restart
run 550 ns
run 550 ns
restart
run 550 ns
run 550 ns
restart
run 550 ns
run 550 ns
update_compile_order -fileset sources_1
update_compile_order -fileset sources_1
save_wave_config {D:/CPU/CPU_project/testbench_my_behav.wcfg}
close_sim
launch_simulation
launch_simulation
open_wave_config D:/CPU/CPU_project/testbench_my_behav.wcfg
source testbench_my.tcl
restart
run 550 ns
run 550 ns
save_wave_config {D:/CPU/CPU_project/testbench_my_behav.wcfg}
close_sim
launch_simulation
open_wave_config D:/CPU/CPU_project/testbench_my_behav.wcfg
source testbench_my.tcl
restart
run 550 ns
run 550 ns
save_wave_config {D:/CPU/CPU_project/testbench_my_behav.wcfg}
close_sim
launch_simulation
open_wave_config D:/CPU/CPU_project/testbench_my_behav.wcfg
source testbench_my.tcl
restart
run 550 ns
run 550 ns
restart
run 580 ns
restart
run 580 ns
run 580 ns
restart
run 580 ns
run 580 ns
save_wave_config {D:/CPU/CPU_project/testbench_my_behav.wcfg}
close_sim
launch_simulation
open_wave_config D:/CPU/CPU_project/testbench_my_behav.wcfg
source testbench_my.tcl
restart
run 580 ns
run 580 ns
close_sim
launch_simulation
open_wave_config D:/CPU/CPU_project/testbench_my_behav.wcfg
source testbench_my.tcl
restart
run 580 ns
run 580 ns
restart
run 200 ns
save_wave_config {D:/CPU/CPU_project/testbench_my_behav.wcfg}
close_sim
launch_simulation
open_wave_config D:/CPU/CPU_project/testbench_my_behav.wcfg
source testbench_my.tcl
close_sim
launch_simulation
open_wave_config D:/CPU/CPU_project/testbench_my_behav.wcfg
source testbench_my.tcl
close_sim
launch_simulation
open_wave_config D:/CPU/CPU_project/testbench_my_behav.wcfg
source testbench_my.tcl
close_sim
launch_simulation
open_wave_config D:/CPU/CPU_project/testbench_my_behav.wcfg
source testbench_my.tcl
close_sim
launch_simulation
launch_simulation
open_wave_config D:/CPU/CPU_project/testbench_my_behav.wcfg
source testbench_my.tcl
close_sim
launch_simulation
open_wave_config D:/CPU/CPU_project/testbench_my_behav.wcfg
source testbench_my.tcl
run 200 ns
run 200 ns
restart
run all
close_sim
launch_simulation
open_wave_config D:/CPU/CPU_project/testbench_my_behav.wcfg
source testbench_my.tcl
run all
close_sim
launch_simulation
open_wave_config D:/CPU/CPU_project/testbench_my_behav.wcfg
source testbench_my.tcl
run all
close_sim
launch_simulation
open_wave_config D:/CPU/CPU_project/testbench_my_behav.wcfg
source testbench_my.tcl
run all
close_sim
launch_simulation
open_wave_config D:/CPU/CPU_project/testbench_my_behav.wcfg
source testbench_my.tcl
close_sim
launch_simulation
open_wave_config D:/CPU/CPU_project/testbench_my_behav.wcfg
source testbench_my.tcl
run all
close_sim
launch_simulation
open_wave_config D:/CPU/CPU_project/testbench_my_behav.wcfg
source testbench_my.tcl
run all
close_sim
launch_simulation
open_wave_config D:/CPU/CPU_project/testbench_my_behav.wcfg
source testbench_my.tcl
run all
close_sim
