#-----------------------------------------------------------
# Vivado v2018.2 (64-bit)
# SW Build 2258646 on Thu Jun 14 20:03:12 MDT 2018
# IP Build 2256618 on Thu Jun 14 22:10:49 MDT 2018
# Start of session at: Tue Dec 24 14:51:51 2019
# Process ID: 12644
# Current directory: D:/CPU/CPU_project
# Command line: vivado.exe -gui_launcher_event rodinguilauncherevent10628 D:\CPU\CPU_project\CPU.xpr
# Log file: D:/CPU/CPU_project/vivado.log
# Journal file: D:/CPU/CPU_project\vivado.jou
#-----------------------------------------------------------
start_gui
open_project D:/CPU/CPU_project/CPU.xpr
reset_run synth_1
launch_runs impl_1 -to_step write_bitstream -jobs 4
wait_on_run impl_1
set_property -dict [list CONFIG.CLKOUT1_REQUESTED_OUT_FREQ {200} CONFIG.MMCM_DIVCLK_DIVIDE {1} CONFIG.MMCM_CLKFBOUT_MULT_F {10} CONFIG.MMCM_CLKOUT0_DIVIDE_F {5} CONFIG.CLKOUT1_JITTER {114.829} CONFIG.CLKOUT1_PHASE_ERROR {98.575}] [get_ips clk_wiz_0]
generate_target all [get_files  D:/CPU/CPU_project/CPU.srcs/sources_1/ip/clk_wiz_0/clk_wiz_0.xci]
catch { config_ip_cache -export [get_ips -all clk_wiz_0] }
export_ip_user_files -of_objects [get_files D:/CPU/CPU_project/CPU.srcs/sources_1/ip/clk_wiz_0/clk_wiz_0.xci] -no_script -sync -force -quiet
create_ip_run [get_files -of_objects [get_fileset sources_1] D:/CPU/CPU_project/CPU.srcs/sources_1/ip/clk_wiz_0/clk_wiz_0.xci]
export_simulation -of_objects [get_files D:/CPU/CPU_project/CPU.srcs/sources_1/ip/clk_wiz_0/clk_wiz_0.xci] -directory D:/CPU/CPU_project/CPU.ip_user_files/sim_scripts -ip_user_files_dir D:/CPU/CPU_project/CPU.ip_user_files -ipstatic_source_dir D:/CPU/CPU_project/CPU.ip_user_files/ipstatic -lib_map_path [list {modelsim=D:/CPU/CPU_project/CPU.cache/compile_simlib/modelsim} {questa=D:/CPU/CPU_project/CPU.cache/compile_simlib/questa} {riviera=D:/CPU/CPU_project/CPU.cache/compile_simlib/riviera} {activehdl=D:/CPU/CPU_project/CPU.cache/compile_simlib/activehdl}] -use_ip_compiled_libs -force -quiet
reset_run synth_1
launch_runs impl_1 -to_step write_bitstream -jobs 4
wait_on_run impl_1
set_property -dict [list CONFIG.CLKOUT1_REQUESTED_OUT_FREQ {100} CONFIG.MMCM_DIVCLK_DIVIDE {1} CONFIG.MMCM_CLKFBOUT_MULT_F {9} CONFIG.MMCM_CLKOUT0_DIVIDE_F {9} CONFIG.CLKOUT1_JITTER {137.681} CONFIG.CLKOUT1_PHASE_ERROR {105.461}] [get_ips clk_wiz_0]
set_property -dict [list CONFIG.CLKOUT1_REQUESTED_OUT_FREQ {300} CONFIG.MMCM_DIVCLK_DIVIDE {1} CONFIG.MMCM_CLKOUT0_DIVIDE_F {3} CONFIG.CLKOUT1_JITTER {111.879}] [get_ips clk_wiz_0]
generate_target all [get_files  D:/CPU/CPU_project/CPU.srcs/sources_1/ip/clk_wiz_0/clk_wiz_0.xci]
catch { config_ip_cache -export [get_ips -all clk_wiz_0] }
export_ip_user_files -of_objects [get_files D:/CPU/CPU_project/CPU.srcs/sources_1/ip/clk_wiz_0/clk_wiz_0.xci] -no_script -sync -force -quiet
create_ip_run [get_files -of_objects [get_fileset sources_1] D:/CPU/CPU_project/CPU.srcs/sources_1/ip/clk_wiz_0/clk_wiz_0.xci]
launch_runs -jobs 4 clk_wiz_0_synth_1
export_simulation -of_objects [get_files D:/CPU/CPU_project/CPU.srcs/sources_1/ip/clk_wiz_0/clk_wiz_0.xci] -directory D:/CPU/CPU_project/CPU.ip_user_files/sim_scripts -ip_user_files_dir D:/CPU/CPU_project/CPU.ip_user_files -ipstatic_source_dir D:/CPU/CPU_project/CPU.ip_user_files/ipstatic -lib_map_path [list {modelsim=D:/CPU/CPU_project/CPU.cache/compile_simlib/modelsim} {questa=D:/CPU/CPU_project/CPU.cache/compile_simlib/questa} {riviera=D:/CPU/CPU_project/CPU.cache/compile_simlib/riviera} {activehdl=D:/CPU/CPU_project/CPU.cache/compile_simlib/activehdl}] -use_ip_compiled_libs -force -quiet
reset_run synth_1
launch_runs impl_1 -to_step write_bitstream -jobs 4
wait_on_run impl_1
reset_run synth_1
reset_run clk_wiz_0_synth_1
set_property -dict [list CONFIG.CLKOUT1_REQUESTED_OUT_FREQ {200} CONFIG.MMCM_DIVCLK_DIVIDE {1} CONFIG.MMCM_CLKFBOUT_MULT_F {10} CONFIG.MMCM_CLKOUT0_DIVIDE_F {5} CONFIG.CLKOUT1_JITTER {114.829} CONFIG.CLKOUT1_PHASE_ERROR {98.575}] [get_ips clk_wiz_0]
generate_target all [get_files  D:/CPU/CPU_project/CPU.srcs/sources_1/ip/clk_wiz_0/clk_wiz_0.xci]
catch { config_ip_cache -export [get_ips -all clk_wiz_0] }
catch { [ delete_ip_run [get_ips -all clk_wiz_0] ] }
export_ip_user_files -of_objects [get_files D:/CPU/CPU_project/CPU.srcs/sources_1/ip/clk_wiz_0/clk_wiz_0.xci] -no_script -sync -force -quiet
create_ip_run [get_files -of_objects [get_fileset sources_1] D:/CPU/CPU_project/CPU.srcs/sources_1/ip/clk_wiz_0/clk_wiz_0.xci]
export_simulation -of_objects [get_files D:/CPU/CPU_project/CPU.srcs/sources_1/ip/clk_wiz_0/clk_wiz_0.xci] -directory D:/CPU/CPU_project/CPU.ip_user_files/sim_scripts -ip_user_files_dir D:/CPU/CPU_project/CPU.ip_user_files -ipstatic_source_dir D:/CPU/CPU_project/CPU.ip_user_files/ipstatic -lib_map_path [list {modelsim=D:/CPU/CPU_project/CPU.cache/compile_simlib/modelsim} {questa=D:/CPU/CPU_project/CPU.cache/compile_simlib/questa} {riviera=D:/CPU/CPU_project/CPU.cache/compile_simlib/riviera} {activehdl=D:/CPU/CPU_project/CPU.cache/compile_simlib/activehdl}] -use_ip_compiled_libs -force -quiet
